
  **** **** ******  **  PROGRAM STARTED AT               2013-02-20 09:06:41.891
 ***** ** ***  *** **   PROGRAM STARTED ON                     molmod49.ugent.be
 **    ****   ******    PROGRAM STARTED BY                                  toon
 ***** **    ** ** **   PROGRAM PROCESS ID                                 15602
  **** **  *******  **  PROGRAM STARTED IN /home/toon/unief/research/collaborati
                                           on/fischer/atoms-cp2k/008__o_009_q-01
                                           /mult02

 CP2K| version string:                    CP2K version 2.4 (Development Version)
 CP2K| source code revision number:                                        12719
 CP2K| is freely available from                             http://www.cp2k.org/
 CP2K| Program compiled at                          Tue Feb 19 05:36:27 CET 2013
 CP2K| Program compiled on                                     molmod49.ugent.be
 CP2K| Program compiled for                                    Linux-x86-64-toon
 CP2K| Input file name                                                   atom.in

 GLOBAL| Method name                                                        ATOM
 GLOBAL| Project name                                                       ATOM
 GLOBAL| Preferred FFT library                                             FFTW3
 GLOBAL| Run type                                                   ENERGY_FORCE
 GLOBAL| All-to-all communication in single precision                          F
 GLOBAL| FFTs using library dependent lengths                                  F
 GLOBAL| Global print level                                               MEDIUM
 GLOBAL| Total number of message passing processes                             1
 GLOBAL| Number of threads for this process                                    1
 GLOBAL| This output is from process                                           0

 MEMORY| system memory details [Kb]
 MEMORY|                        rank 0           min           max       average
 MEMORY| MemTotal              4049252       4049252       4049252       4049252
 MEMORY| MemFree                276288        276288        276288        276288
 MEMORY| Buffers                579804        579804        579804        579804
 MEMORY| Cached                1322388       1322388       1322388       1322388
 MEMORY| Slab                   684872        684872        684872        684872
 MEMORY| SReclaimable           581736        581736        581736        581736
 MEMORY| MemLikelyFree         2760216       2760216       2760216       2760216


 *** Fundamental physical constants (SI units) ***

 *** Literature: B. J. Mohr and B. N. Taylor,
 ***             CODATA recommended values of the fundamental physical
 ***             constants: 2006, Web Version 5.1
 ***             http://physics.nist.gov/constants

 Speed of light in vacuum [m/s]                             2.99792458000000E+08
 Magnetic constant or permeability of vacuum [N/A**2]       1.25663706143592E-06
 Electric constant or permittivity of vacuum [F/m]          8.85418781762039E-12
 Planck constant (h) [J*s]                                  6.62606896000000E-34
 Planck constant (h-bar) [J*s]                              1.05457162825177E-34
 Elementary charge [C]                                      1.60217648700000E-19
 Electron mass [kg]                                         9.10938215000000E-31
 Electron g factor [ ]                                     -2.00231930436220E+00
 Proton mass [kg]                                           1.67262163700000E-27
 Fine-structure constant                                    7.29735253760000E-03
 Rydberg constant [1/m]                                     1.09737315685270E+07
 Avogadro constant [1/mol]                                  6.02214179000000E+23
 Boltzmann constant [J/K]                                   1.38065040000000E-23
 Atomic mass unit [kg]                                      1.66053878200000E-27
 Bohr radius [m]                                            5.29177208590000E-11

 *** Conversion factors ***

 [u] -> [a.u.]                                              1.82288848426455E+03
 [Angstrom] -> [Bohr] = [a.u.]                              1.88972613288564E+00
 [a.u.] = [Bohr] -> [Angstrom]                              5.29177208590000E-01
 [a.u.] -> [s]                                              2.41888432650478E-17
 [a.u.] -> [fs]                                             2.41888432650478E-02
 [a.u.] -> [J]                                              4.35974393937059E-18
 [a.u.] -> [K]                                              3.15774647902944E+05
 [a.u.] -> [kJ/mol]                                         2.62549961709828E+03
 [a.u.] -> [kcal/mol]                                       6.27509468713739E+02
 [a.u.] -> [Pa]                                             2.94210107994716E+13
 [a.u.] -> [bar]                                            2.94210107994716E+08
 [a.u.] -> [atm]                                            2.90362800883016E+08
 [a.u.] -> [eV]                                             2.72113838565563E+01
 [a.u.] -> [Hz]                                             6.57968392072181E+15
 [a.u.] -> [1/cm] (wave numbers)                            2.19474631370540E+05
 [a.u./Bohr**2] -> [1/cm]                                   5.14048714338585E+03
 
 DBCSR| Multiplication driver                                                SMM
 DBCSR| Multiplication stack size                                           1000
 DBCSR| Multiplication size stacks                                             0



                           ****  ******  ****   ****   
                          **  ** ****** **  ** ******  
                          ******   **   **  ** **  **  
                          **  **   **    ****  **  **  
                                                       
                             University of Zurich      
                                 2009 - 2013           
                                                       
                                 Version 0.0           
                                                                   


 Atomic Energy Calculation             Oxygen [O]            Atomic number:    8


 All Electron Basis

 ********************* Uncontracted Gaussian Type Orbitals *********************

 s Exponents:                    1                                    0.00729900
                                 2                                    0.01370500
                                 3                                    0.02573300
                                 4                                    0.04831600
                                 5                                    0.09071800
                                 6                                    0.17033300
                                 7                                    0.31981900
                                 8                                    0.60049600
                                 9                                    1.12749700
                                10                                    2.11700000
                                11                                    3.97490200
                                12                                    7.46331700
                                13                                   14.01320400
                                14                                   26.31133900
                                15                                   49.40244900
                                16                                   92.75856100
                                17                                  174.16445600
                                18                                  327.01302400
                                19                                  614.00311400
                                20                                 1152.85874300
                                21                                 2164.61977200
                                22                                 4064.31298400
                                23                                 7631.19705600
                                24                                14328.41632400
                                25                                26903.18607400
                                26                                50513.70678900
                                27                                94845.07026500
                                28                               178082.10732000
                                29                               334368.84868300
                                30                               627814.48766300
                                31                              1178791.12385100
                                32                              2213310.68488600
                                33                              4155735.55714100
                                34                              7802853.04671300
                                35                             14650719.42895400
                                36                             27508345.79363700
                                37                             51649961.08019400
                                38                             96978513.34276401
                                39                            182087882.61370200
                                40                            341890134.75133097

 p Exponents:                    1                                    0.00729900
                                 2                                    0.01370500
                                 3                                    0.02573300
                                 4                                    0.04831600
                                 5                                    0.09071800
                                 6                                    0.17033300
                                 7                                    0.31981900
                                 8                                    0.60049600
                                 9                                    1.12749700
                                10                                    2.11700000
                                11                                    3.97490200
                                12                                    7.46331700
                                13                                   14.01320400
                                14                                   26.31133900
                                15                                   49.40244900
                                16                                   92.75856100
                                17                                  174.16445600
                                18                                  327.01302400
                                19                                  614.00311400
                                20                                 1152.85874300
                                21                                 2164.61977200
                                22                                 4064.31298400
                                23                                 7631.19705600
                                24                                14328.41632400
                                25                                26903.18607400
                                26                                50513.70678900
                                27                                94845.07026500
                                28                               178082.10732000
                                29                               334368.84868300
                                30                               627814.48766300
                                31                              1178791.12385100
                                32                              2213310.68488600
                                33                              4155735.55714100
                                34                              7802853.04671300
                                35                             14650719.42895400
                                36                             27508345.79363700
                                37                             51649961.08019400
                                38                             96978513.34276401
                                39                            182087882.61370200
                                40                            341890134.75133097

 d Exponents:                    1                                    0.00729900
                                 2                                    0.01370500
                                 3                                    0.02573300
                                 4                                    0.04831600
                                 5                                    0.09071800
                                 6                                    0.17033300
                                 7                                    0.31981900
                                 8                                    0.60049600
                                 9                                    1.12749700
                                10                                    2.11700000
                                11                                    3.97490200
                                12                                    7.46331700
                                13                                   14.01320400
                                14                                   26.31133900
                                15                                   49.40244900
                                16                                   92.75856100
                                17                                  174.16445600
                                18                                  327.01302400
                                19                                  614.00311400
                                20                                 1152.85874300
                                21                                 2164.61977200
                                22                                 4064.31298400
                                23                                 7631.19705600
                                24                                14328.41632400
                                25                                26903.18607400
                                26                                50513.70678900
                                27                                94845.07026500
                                28                               178082.10732000
                                29                               334368.84868300
                                30                               627814.48766300
                                31                              1178791.12385100
                                32                              2213310.68488600
                                33                              4155735.55714100
                                34                              7802853.04671300
                                35                             14650719.42895400
                                36                             27508345.79363700
                                37                             51649961.08019400
                                38                             96978513.34276401
                                39                            182087882.61370200
                                40                            341890134.75133097

 f Exponents:                    1                                    0.00729900
                                 2                                    0.01370500
                                 3                                    0.02573300
                                 4                                    0.04831600
                                 5                                    0.09071800
                                 6                                    0.17033300
                                 7                                    0.31981900
                                 8                                    0.60049600
                                 9                                    1.12749700
                                10                                    2.11700000
                                11                                    3.97490200
                                12                                    7.46331700
                                13                                   14.01320400
                                14                                   26.31133900
                                15                                   49.40244900
                                16                                   92.75856100
                                17                                  174.16445600
                                18                                  327.01302400
                                19                                  614.00311400
                                20                                 1152.85874300
                                21                                 2164.61977200
                                22                                 4064.31298400
                                23                                 7631.19705600
                                24                                14328.41632400
                                25                                26903.18607400
                                26                                50513.70678900
                                27                                94845.07026500
                                28                               178082.10732000
                                29                               334368.84868300
                                30                               627814.48766300
                                31                              1178791.12385100
                                32                              2213310.68488600
                                33                              4155735.55714100
                                34                              7802853.04671300
                                35                             14650719.42895400
                                36                             27508345.79363700
                                37                             51649961.08019400
                                38                             96978513.34276401
                                39                            182087882.61370200
                                40                            341890134.75133097
 *******************************************************************************

 Pseudopotential Basis

 ********************** Contracted Gaussian Type Orbitals **********************
 s Functions
      10.389228       1.845661  1.011947
       3.849621       0.971630  0.802909
       1.388401      -1.403587 -1.043250
       0.496955      -1.275252 -0.143473
       0.162492      -0.156705  0.713094
 p Functions
      10.389228      -3.335711 -1.461717
       3.849621      -2.990270 -0.098838
       1.388401      -1.660757 -0.988553
       0.496955      -0.552957  0.462951
       0.162492      -0.077466  0.317253
 d Functions
      10.389228       4.681931
       3.849621       1.682331
       1.388401       3.393379
       0.496955       0.685820
       0.162492       0.016598
 *******************************************************************************

 METHOD    | Unrestricted Kohn-Sham Calculation
 METHOD    | Nonrelativistic Calculation
 FUNCTIONAL| ROUTINE=NEW
 FUNCTIONAL| PBE:
 FUNCTIONAL| J.P.Perdew, K.Burke, M.Ernzerhof, Phys. Rev. Letter, vol. 77, n 18,
 FUNCTIONAL|  pp. 3865-3868, (1996){spin polarized}

 ***************************** GTH Pseudopotential *****************************
          Core Charge                                                        6.0
          Rc                                                            0.244554
          C1 C2 ...                                       -16.667215    2.487311
          Angular momentum                                                     0
          Rcnl                                                          0.220956
          Nl                                                                   1
          Hnl                                                          18.337458
 *******************************************************************************

 Electronic structure
    Total number of core electrons                                          0.00
    Total number of valence electrons                                       7.00
    Total number of electrons                                               7.00
    Multiplicity                                                         doublet
    Alpha Electrons
    S      1.00
    P      3.00
    Beta Electrons
    S      1.00
    P      2.00


 *******************************************************************************
                  Iteration          Convergence                     Energy [au]
 *******************************************************************************
                          1         1.93441                     -15.582925212255
                          2         2.12525                     -15.411890413185
                          3        0.164336                     -15.864744201411
                          4        0.319095E-01                 -15.866347349046
                          5        0.241395E-01                 -15.866391450577
                          6        0.207212E-01                 -15.866412143762
                          7        0.130440E-01                 -15.866446971322
                          8        0.191342E-01                 -15.866457394686
                          9        0.322954E-01                 -15.866367511456
                         10        0.114407E-01                 -15.866470720342
                         11        0.828136E-02                 -15.866486543669
                         12        0.124749E-01                 -15.866492503192
                         13        0.123433E-01                 -15.866495692329
                         14        0.135226E-01                 -15.866493978890
                         15        0.194280E-01                 -15.866481865835
                         16        0.741939E-02                 -15.866501921885
                         17        0.539272E-02                 -15.866505787136
                         18        0.548394E-02                 -15.866506242256
                         19        0.547802E-02                 -15.866506367165
                         20        0.542564E-02                 -15.866506491303
                         21        0.673391E-02                 -15.866504619557
                         22        0.354829E-02                 -15.866509896612
                         23        0.428603E-02                 -15.866510101861
                         24        0.425093E-02                 -15.866510139430
                         25        0.421995E-02                 -15.866510165412
                         26        0.418503E-02                 -15.866510190946
                         27        0.519383E-02                 -15.866509575332
                         28        0.167716E-02                 -15.866511340984
                         29        0.172837E-02                 -15.866511351309
                         30        0.172348E-02                 -15.866511355246
                         31        0.171762E-02                 -15.866511358733
                         32        0.171010E-02                 -15.866511362687
                         33        0.260518E-02                 -15.866510887990
                         34        0.128867E-02                 -15.866511722068
                         35        0.129213E-02                 -15.866511723334
                         36        0.129078E-02                 -15.866511723871
                         37        0.128909E-02                 -15.866511724322
                         38        0.128710E-02                 -15.866511724781
                         39        0.979969E-03                 -15.866511771675
                         40        0.522074E-03                 -15.866511834462
                         41        0.521341E-03                 -15.866511834530
                         42        0.521099E-03                 -15.866511834544
                         43        0.521529E-03                 -15.866511834472
                         44        0.527906E-03                 -15.866511833584
                         45        0.589123E-03                 -15.866511859086
                         46        0.386966E-03                 -15.866511868030
                         47        0.387228E-03                 -15.866511868029
                         48        0.387389E-03                 -15.866511868027
                         49        0.387404E-03                 -15.866511868030
                         50        0.379963E-03                 -15.866511868427
                         51        0.293832E-03                 -15.866511872346
                         52        0.156235E-03                 -15.866511877990
                         53        0.156159E-03                 -15.866511877990
                         54        0.156140E-03                 -15.866511877989
                         55        0.156221E-03                 -15.866511877984
                         56        0.158286E-03                 -15.866511877898
                         57        0.176543E-03                 -15.866511880189
                         58        0.115821E-03                 -15.866511880995
                         59        0.115912E-03                 -15.866511880995
                         60        0.115965E-03                 -15.866511880995
                         61        0.115968E-03                 -15.866511880995
                         62        0.113511E-03                 -15.866511881034
                         63        0.878778E-04                 -15.866511881383
                         64        0.467939E-04                 -15.866511881888
                         65        0.467689E-04                 -15.866511881888
                         66        0.467626E-04                 -15.866511881887
                         67        0.467896E-04                 -15.866511881887
                         68        0.474760E-04                 -15.866511881878
                         69        0.529095E-04                 -15.866511882084
                         70        0.346676E-04                 -15.866511882157
                         71        0.346973E-04                 -15.866511882157
                         72        0.347145E-04                 -15.866511882157
                         73        0.347153E-04                 -15.866511882157
                         74        0.328309E-04                 -15.866511882166
                         75        0.140161E-04                 -15.866511882237
                         76        0.140063E-04                 -15.866511882237
                         77        0.140035E-04                 -15.866511882237
                         78        0.155377E-04                 -15.866511882255
                         79        0.546437E-05                 -15.866511882265
                         80        0.537151E-05                 -15.866511882269
                         81        0.137431E-05                 -15.866511882271
                         82        0.282610E-05                 -15.866511882270
                         83        0.406672E-05                 -15.866511882270
                         84        0.130146E-05                 -15.866511882271
                         85        0.123811E-05                 -15.866511882271
                         86        0.198039E-05                 -15.866511882271
                         87        0.131648E-05                 -15.866511882271
                         88        0.108648E-06                 -15.866511882272

 Energy components [Hartree]           Total Energy ::          -15.866511882272
                                        Band Energy ::            0.101480503298
                                     Kinetic Energy ::           12.163140424187
                                   Potential Energy ::          -28.029652306459
                                      Virial (-V/T) ::            2.304474940593
                                        Core Energy ::          -29.257395021497
                                          XC Energy ::           -3.665190653294
                                     Coulomb Energy ::           17.056073792519
                       Total Pseudopotential Energy ::          -41.420535445684
                       Local Pseudopotential Energy ::          -42.690623360209
                    Nonlocal Pseudopotential Energy ::            1.270087914525

 Orbital energies  State     Spin  L     Occupation   Energy[a.u.]    Energy[eV]

                       1    alpha  0          1.000      -0.385055    -10.477889
                       1     beta  0          1.000      -0.332797     -9.055857

                       1    alpha  1          3.000       0.144596      3.934648
                       1     beta  1          2.000       0.192773      5.245613


 Atomic orbital expansion coefficients [Alpha]

    ORBITAL      L = 0      State =   1
        7.372516746172961E-01
       -5.124202490732160E-02

    ORBITAL      L = 1      State =   1
        8.613201094084706E-01
       -9.475627815083576E-02

 Atomic orbital expansion coefficients [Beta]

    ORBITAL      L = 0      State =   1
        7.293027946953117E-01
       -6.738064530496374E-02

    ORBITAL      L = 1      State =   1
        8.317486390067104E-01
       -1.285531318931232E-01


                             NORMAL TERMINATION OF     
                                                       
                           ****  ******  ****   ****   
                          **  ** ****** **  ** ******  
                          ******   **   **  ** **  **  
                          **  **   **    ****  **  **  


 -------------------------------------------------------------------------------
 -                                                                             -
 -                           R E F E R E N C E S                               -
 -                                                                             -
 -------------------------------------------------------------------------------
 
 CP2K version 2.4 (Development Version), the CP2K developers group (2013).
 CP2K is freely available from http://www.cp2k.org/ .

 Frigo, M; Johnson, SG. 
 PROCEEDINGS OF THE IEEE, 93 (2), 216-231 (2005). 
 The design and implementation of FFTW3.
 http://dx.doi.org/10.1109/JPROC.2004.840301


 Perdew, JP; Burke, K; Ernzerhof, M. 
 PHYSICAL REVIEW LETTERS, 77 (18), 3865-3868 (1996). 
 Generalized gradient approximation made simple.
 http://dx.doi.org/10.1103/PhysRevLett.77.3865


 -------------------------------------------------------------------------------
 -                                                                             -
 -                                T I M I N G                                  -
 -                                                                             -
 -------------------------------------------------------------------------------
 SUBROUTINE                       CALLS  ASD         SELF TIME        TOTAL TIME
                                              AVERAGE  MAXIMUM  AVERAGE  MAXIMUM
 CP2K                                 1  1.0    0.003    0.003    0.098    0.098
 atom_energy_opt                      1  3.0    0.015    0.015    0.094    0.094
 atom_code                            1  2.0    0.000    0.000    0.094    0.094
 calculate_atom_unrestricted          1  5.0    0.008    0.008    0.076    0.076
 calculate_atom                       1  4.0    0.000    0.000    0.076    0.076
 calculate_atom_vxc_lsd              88  6.0    0.013    0.013    0.068    0.068
 xc_functional_eval                  88  7.0    0.001    0.001    0.055    0.055
 pbe_lsd_eval                        88  8.0    0.054    0.054    0.054    0.054
 parser_read_line_low                 2  4.0    0.002    0.002    0.002    0.002
 -------------------------------------------------------------------------------

  **** **** ******  **  PROGRAM ENDED AT                 2013-02-20 09:06:42.048
 ***** ** ***  *** **   PROGRAM RAN ON                         molmod49.ugent.be
 **    ****   ******    PROGRAM RAN BY                                      toon
 ***** **    ** ** **   PROGRAM PROCESS ID                                 15602
  **** **  *******  **  PROGRAM STOPPED IN /home/toon/unief/research/collaborati
                                           on/fischer/atoms-cp2k/008__o_009_q-01
                                           /mult02
