
  **** **** ******  **  PROGRAM STARTED AT               2016-05-11 12:03:18.053
 ***** ** ***  *** **   PROGRAM STARTED ON                              molmod55
 **    ****   ******    PROGRAM STARTED BY                                  toon
 ***** **    ** ** **   PROGRAM PROCESS ID                                  8022
  **** **  *******  **  PROGRAM STARTED IN /home/toon/univ/collaboration/mathieu
                                           _salanne/ean/wannier_hirshfeld_test/p
                                           be_molopt_sv_sr/atoms/testing

 CP2K| version string:                                          CP2K version 2.6
 CP2K| source code revision number:                                    svn:15177
 CP2K| is freely available from                             http://www.cp2k.org/
 CP2K| Program compiled at                          Sun Aug 16 19:48:04 UTC 2015
 CP2K| Program compiled on                     buildvm-23.phx2.fedoraproject.org
 CP2K| Program compiled for                                Linux-x86-64-gfortran
 CP2K| Input file name                             carbon_sc_ae_uncontracted.inp

 GLOBAL| Method name                                                        ATOM
 GLOBAL| Project name                                                          C
 GLOBAL| Preferred FFT library                                             FFTW3
 GLOBAL| Preferred diagonalization lib.                                       SL
 GLOBAL| Run type                                                   ENERGY_FORCE
 GLOBAL| All-to-all communication in single precision                          F
 GLOBAL| FFTs using library dependent lengths                                  F
 GLOBAL| Global print level                                               MEDIUM
 GLOBAL| Total number of message passing processes                             1
 GLOBAL| Number of threads for this process                                    4
 GLOBAL| This output is from process                                           0

 MEMORY| system memory details [Kb]
 MEMORY|                        rank 0           min           max       average
 MEMORY| MemTotal              7868376       7868376       7868376       7868376
 MEMORY| MemFree               4054288       4054288       4054288       4054288
 MEMORY| Buffers                168152        168152        168152        168152
 MEMORY| Cached                1630912       1630912       1630912       1630912
 MEMORY| Slab                   172204        172204        172204        172204
 MEMORY| SReclaimable           109228        109228        109228        109228
 MEMORY| MemLikelyFree         5962580       5962580       5962580       5962580


 *** Fundamental physical constants (SI units) ***

 *** Literature: B. J. Mohr and B. N. Taylor,
 ***             CODATA recommended values of the fundamental physical
 ***             constants: 2006, Web Version 5.1
 ***             http://physics.nist.gov/constants

 Speed of light in vacuum [m/s]                             2.99792458000000E+08
 Magnetic constant or permeability of vacuum [N/A**2]       1.25663706143592E-06
 Electric constant or permittivity of vacuum [F/m]          8.85418781762039E-12
 Planck constant (h) [J*s]                                  6.62606896000000E-34
 Planck constant (h-bar) [J*s]                              1.05457162825177E-34
 Elementary charge [C]                                      1.60217648700000E-19
 Electron mass [kg]                                         9.10938215000000E-31
 Electron g factor [ ]                                     -2.00231930436220E+00
 Proton mass [kg]                                           1.67262163700000E-27
 Fine-structure constant                                    7.29735253760000E-03
 Rydberg constant [1/m]                                     1.09737315685270E+07
 Avogadro constant [1/mol]                                  6.02214179000000E+23
 Boltzmann constant [J/K]                                   1.38065040000000E-23
 Atomic mass unit [kg]                                      1.66053878200000E-27
 Bohr radius [m]                                            5.29177208590000E-11

 *** Conversion factors ***

 [u] -> [a.u.]                                              1.82288848426455E+03
 [Angstrom] -> [Bohr] = [a.u.]                              1.88972613288564E+00
 [a.u.] = [Bohr] -> [Angstrom]                              5.29177208590000E-01
 [a.u.] -> [s]                                              2.41888432650478E-17
 [a.u.] -> [fs]                                             2.41888432650478E-02
 [a.u.] -> [J]                                              4.35974393937059E-18
 [a.u.] -> [N]                                              8.23872205491840E-08
 [a.u.] -> [K]                                              3.15774647902944E+05
 [a.u.] -> [kJ/mol]                                         2.62549961709828E+03
 [a.u.] -> [kcal/mol]                                       6.27509468713739E+02
 [a.u.] -> [Pa]                                             2.94210107994716E+13
 [a.u.] -> [bar]                                            2.94210107994716E+08
 [a.u.] -> [atm]                                            2.90362800883016E+08
 [a.u.] -> [eV]                                             2.72113838565563E+01
 [a.u.] -> [Hz]                                             6.57968392072181E+15
 [a.u.] -> [1/cm] (wave numbers)                            2.19474631370540E+05
 [a.u./Bohr**2] -> [1/cm]                                   5.14048714338585E+03

 DBCSR| Multiplication driver                                                SMM
 DBCSR| Multrec recursion limit                                              512
 DBCSR| Multiplication stack size                                           1000
 DBCSR| Multiplication size stacks                                             3



                           ****  ******  ****   ****
                          **  ** ****** **  ** ******
                          ******   **   **  ** **  **
                          **  **   **    ****  **  **

                             University of Zurich
                                 2009 - 2014

                                 Version 0.0



 Atomic Energy Calculation             Carbon [C]            Atomic number:    6


 All Electron Basis

 ********************* Uncontracted Gaussian Type Orbitals *********************

 s Exponents:                    1                                    0.00729900
                                 2                                    0.01370500
                                 3                                    0.02573300
                                 4                                    0.04831600
                                 5                                    0.09071800
                                 6                                    0.17033300
                                 7                                    0.31981900
                                 8                                    0.60049600
                                 9                                    1.12749700
                                10                                    2.11700000
                                11                                    3.97490200
                                12                                    7.46331700
                                13                                   14.01320400
                                14                                   26.31133900
                                15                                   49.40244900
                                16                                   92.75856100
                                17                                  174.16445600
                                18                                  327.01302400
                                19                                  614.00311400
                                20                                 1152.85874300
                                21                                 2164.61977200
                                22                                 4064.31298400
                                23                                 7631.19705600
                                24                                14328.41632400
                                25                                26903.18607400
                                26                                50513.70678900
                                27                                94845.07026500
                                28                               178082.10732000
                                29                               334368.84868300
                                30                               627814.48766300
                                31                              1178791.12385100
                                32                              2213310.68488600
                                33                              4155735.55714100
                                34                              7802853.04671300
                                35                             14650719.42895400
                                36                             27508345.79363700
                                37                             51649961.08019400
                                38                             96978513.34276401
                                39                            182087882.61370200
                                40                            341890134.75133097

 p Exponents:                    1                                    0.00729900
                                 2                                    0.01370500
                                 3                                    0.02573300
                                 4                                    0.04831600
                                 5                                    0.09071800
                                 6                                    0.17033300
                                 7                                    0.31981900
                                 8                                    0.60049600
                                 9                                    1.12749700
                                10                                    2.11700000
                                11                                    3.97490200
                                12                                    7.46331700
                                13                                   14.01320400
                                14                                   26.31133900
                                15                                   49.40244900
                                16                                   92.75856100
                                17                                  174.16445600
                                18                                  327.01302400
                                19                                  614.00311400
                                20                                 1152.85874300
                                21                                 2164.61977200
                                22                                 4064.31298400
                                23                                 7631.19705600
                                24                                14328.41632400
                                25                                26903.18607400
                                26                                50513.70678900
                                27                                94845.07026500
                                28                               178082.10732000
                                29                               334368.84868300
                                30                               627814.48766300
                                31                              1178791.12385100
                                32                              2213310.68488600
                                33                              4155735.55714100
                                34                              7802853.04671300
                                35                             14650719.42895400
                                36                             27508345.79363700
                                37                             51649961.08019400
                                38                             96978513.34276401
                                39                            182087882.61370200
                                40                            341890134.75133097

 d Exponents:                    1                                    0.00729900
                                 2                                    0.01370500
                                 3                                    0.02573300
                                 4                                    0.04831600
                                 5                                    0.09071800
                                 6                                    0.17033300
                                 7                                    0.31981900
                                 8                                    0.60049600
                                 9                                    1.12749700
                                10                                    2.11700000
                                11                                    3.97490200
                                12                                    7.46331700
                                13                                   14.01320400
                                14                                   26.31133900
                                15                                   49.40244900
                                16                                   92.75856100
                                17                                  174.16445600
                                18                                  327.01302400
                                19                                  614.00311400
                                20                                 1152.85874300
                                21                                 2164.61977200
                                22                                 4064.31298400
                                23                                 7631.19705600
                                24                                14328.41632400
                                25                                26903.18607400
                                26                                50513.70678900
                                27                                94845.07026500
                                28                               178082.10732000
                                29                               334368.84868300
                                30                               627814.48766300
                                31                              1178791.12385100
                                32                              2213310.68488600
                                33                              4155735.55714100
                                34                              7802853.04671300
                                35                             14650719.42895400
                                36                             27508345.79363700
                                37                             51649961.08019400
                                38                             96978513.34276401
                                39                            182087882.61370200
                                40                            341890134.75133097

 f Exponents:                    1                                    0.00729900
                                 2                                    0.01370500
                                 3                                    0.02573300
                                 4                                    0.04831600
                                 5                                    0.09071800
                                 6                                    0.17033300
                                 7                                    0.31981900
                                 8                                    0.60049600
                                 9                                    1.12749700
                                10                                    2.11700000
                                11                                    3.97490200
                                12                                    7.46331700
                                13                                   14.01320400
                                14                                   26.31133900
                                15                                   49.40244900
                                16                                   92.75856100
                                17                                  174.16445600
                                18                                  327.01302400
                                19                                  614.00311400
                                20                                 1152.85874300
                                21                                 2164.61977200
                                22                                 4064.31298400
                                23                                 7631.19705600
                                24                                14328.41632400
                                25                                26903.18607400
                                26                                50513.70678900
                                27                                94845.07026500
                                28                               178082.10732000
                                29                               334368.84868300
                                30                               627814.48766300
                                31                              1178791.12385100
                                32                              2213310.68488600
                                33                              4155735.55714100
                                34                              7802853.04671300
                                35                             14650719.42895400
                                36                             27508345.79363700
                                37                             51649961.08019400
                                38                             96978513.34276401
                                39                            182087882.61370200
                                40                            341890134.75133097
 *******************************************************************************

 Pseudopotential Basis

 ********************* Uncontracted Gaussian Type Orbitals *********************

 s Exponents:                    1                                    0.00729900
                                 2                                    0.01370500
                                 3                                    0.02573300
                                 4                                    0.04831600
                                 5                                    0.09071800
                                 6                                    0.17033300
                                 7                                    0.31981900
                                 8                                    0.60049600
                                 9                                    1.12749700
                                10                                    2.11700000
                                11                                    3.97490200
                                12                                    7.46331700
                                13                                   14.01320400
                                14                                   26.31133900
                                15                                   49.40244900
                                16                                   92.75856100

 p Exponents:                    1                                    0.00729900
                                 2                                    0.01370500
                                 3                                    0.02573300
                                 4                                    0.04831600
                                 5                                    0.09071800
                                 6                                    0.17033300
                                 7                                    0.31981900
                                 8                                    0.60049600
                                 9                                    1.12749700
                                10                                    2.11700000
                                11                                    3.97490200
                                12                                    7.46331700
                                13                                   14.01320400
                                14                                   26.31133900
                                15                                   49.40244900
                                16                                   92.75856100

 d Exponents:                    1                                    0.00729900
                                 2                                    0.01370500
                                 3                                    0.02573300
                                 4                                    0.04831600
                                 5                                    0.09071800
                                 6                                    0.17033300
                                 7                                    0.31981900
                                 8                                    0.60049600
                                 9                                    1.12749700
                                10                                    2.11700000
                                11                                    3.97490200
                                12                                    7.46331700
                                13                                   14.01320400
                                14                                   26.31133900
                                15                                   49.40244900
                                16                                   92.75856100

 f Exponents:                    1                                    0.00729900
                                 2                                    0.01370500
                                 3                                    0.02573300
                                 4                                    0.04831600
                                 5                                    0.09071800
                                 6                                    0.17033300
                                 7                                    0.31981900
                                 8                                    0.60049600
                                 9                                    1.12749700
                                10                                    2.11700000
                                11                                    3.97490200
                                12                                    7.46331700
                                13                                   14.01320400
                                14                                   26.31133900
                                15                                   49.40244900
                                16                                   92.75856100
 *******************************************************************************

 METHOD    | Restricted Kohn-Sham Calculation
 METHOD    | Nonrelativistic Calculation
 FUNCTIONAL| ROUTINE=NEW
 FUNCTIONAL| BECKE88:
 FUNCTIONAL| A. Becke, Phys. Rev. A 38, 3098 (1988) {LDA version}
 FUNCTIONAL| LYP:
 FUNCTIONAL| C. Lee, W. Yang, R.G. Parr, Phys. Rev. B, 37, 785 (1988) {LDA versi
 FUNCTIONAL| on}

 **************************** All Electron Potential ***************************
 *******************************************************************************

 Electronic structure
    Total number of core electrons                                          0.00
    Total number of valence electrons                                       6.00
    Total number of electrons                                               6.00
    Multiplicity                                                   not specified
    S      2.00  2.00
    P      2.00


 *******************************************************************************
                  Iteration          Convergence                     Energy [au]
 *******************************************************************************
                          1        0.209244                     -37.627434383043
                          2        0.173930                     -37.599785986915
                          3        0.353896E-01                 -37.793267847315
                          4        0.209056E-02                 -37.800425802423
                          5        0.209625E-03                 -37.800453254698
                          6        0.408489E-05                 -37.800453482361
                          7        0.248777E-06                 -37.800453482378

 Energy components [Hartree]           Total Energy ::          -37.800453482378
                                        Band Energy ::          -21.509004518308
                                     Kinetic Energy ::           37.683558842360
                                   Potential Energy ::          -75.484012324739
                                      Virial (-V/T) ::            2.003102006382
                                        Core Energy ::          -50.375498030368
                                          XC Energy ::           -5.130185885791
                                     Coulomb Energy ::           17.705230433780

 Orbital energies  State     L     Occupation   Energy[a.u.]          Energy[eV]

                       1     0          2.000     -10.062206         -273.806556
                       2     0          2.000      -0.499716          -13.597977

                       1     1          2.000      -0.192580           -5.240355


 Atomic orbital expansion coefficients []

    ORBITAL      L = 0      State =   1
       -1.085440635143452E-06
        7.316265282185158E-06
       -2.740565717189008E-05
        7.840513237838205E-05
       -1.945142544825650E-04
        4.434280694099803E-04
       -9.499651740098158E-04
        2.826660665163017E-03
        5.255429529384713E-02
        5.504939556995421E-01
        1.742686130201349E+00
        3.209438483544508E+00
        3.874483683213206E+00
        3.953005801058084E+00
        3.399292041630744E+00
        2.803435527995926E+00
        2.113664037623787E+00
        1.617064461827980E+00
        1.170159006814459E+00
        8.802344369130496E-01
        6.294071133477307E-01
        4.708699306785662E-01
        3.379236508024608E-01
        2.482803521166653E-01
        1.837784193279449E-01
        1.288901726272299E-01
        9.953110096939566E-02
        6.991326372580758E-02
        4.968383616354095E-02
        3.945186085358475E-02
        2.788262645711537E-02
        1.837937706898495E-02
        1.411137958089323E-02
        1.180660726119795E-02
        8.938133541773018E-03
        5.778602737832630E-03
        3.237822592546998E-03
        1.621061663341344E-03
        7.465540785641867E-04
        3.238729784909163E-04

    ORBITAL      L = 0      State =   2
        1.996694970187070E-05
       -1.279679130332303E-04
        4.757830155023178E-04
        2.329919694900863E-03
        5.219425956349043E-02
        1.997556584006713E-01
        4.055747186019070E-01
        4.737613285544329E-01
        2.164983972833139E-01
       -3.630066727812552E-01
       -8.133988372519674E-01
       -9.731196078541625E-01
       -1.198982273678055E+00
       -9.162670445412827E-01
       -8.980177999696671E-01
       -5.985603375426716E-01
       -5.384589434281952E-01
       -3.312187848877241E-01
       -2.998894459300745E-01
       -1.743849100053648E-01
       -1.641811390021861E-01
       -9.103719309504486E-02
       -8.846630157998700E-02
       -4.909320446663164E-02
       -4.516961787958362E-02
       -2.922655773810933E-02
       -2.068486598216548E-02
       -1.802056752915072E-02
       -1.053675065234398E-02
       -8.250651833177502E-03
       -7.088650938093755E-03
       -4.454911717481885E-03
       -2.792019911113390E-03
       -2.379177827790074E-03
       -2.093608940569416E-03
       -1.548377334333194E-03
       -9.547000795646593E-04
       -5.100136568961422E-04
       -2.452372014118880E-04
       -1.094249189190180E-04

    ORBITAL      L = 1      State =   1
       -1.222656026172563E-06
        5.790090761425973E-06
       -3.319526322425470E-04
       -3.760847541939457E-03
       -2.266109270808902E-02
       -7.346989154139022E-02
       -1.764874027413606E-01
       -3.610224723448707E-01
       -5.600041858411547E-01
       -7.146359019509945E-01
       -6.759815116943980E-01
       -9.039110707607898E-01
       -5.223729762528149E-01
       -6.970322796363598E-01
       -3.169430361185462E-01
       -4.685868814560655E-01
       -1.280941868727247E-01
       -3.138088079590409E-01
       -2.082038813096426E-02
       -1.924812142022042E-01
       -2.863248443719982E-02
       -4.244207504494854E-02
       -7.537014493812755E-02
       -2.796133171416622E-02
        2.752017245662722E-03
        6.162371253091600E-03
        3.028630449269388E-03
        1.012184099446171E-03
        2.771053077143400E-04
        6.752715880783931E-05
        1.535302598656449E-05
        3.350939061583425E-06
        7.143427081381886E-07
        1.502703869268444E-07
        3.137924466188322E-08
        6.526267843789105E-09
        1.354385784584552E-09
        2.807449195944000E-10
        5.815799290420575E-11
        1.204374615760812E-11


                             NORMAL TERMINATION OF

                           ****  ******  ****   ****
                          **  ** ****** **  ** ******
                          ******   **   **  ** **  **
                          **  **   **    ****  **  **


 -------------------------------------------------------------------------------
 -                                                                             -
 -                                DBCSR STATISTICS                             -
 -                                                                             -
 -------------------------------------------------------------------------------
 COUNTER                                      CPU                  ACC      ACC%
 number of processed stacks                     0                    0       0.0
 matmuls inhomo. stacks                         0                    0       0.0
 matmuls total                                  0                    0       0.0
 flops total                                    0                    0       0.0
 marketing flops                                0
 -------------------------------------------------------------------------------

 -------------------------------------------------------------------------------
 -                                                                             -
 -                           R E F E R E N C E S                               -
 -                                                                             -
 -------------------------------------------------------------------------------

 CP2K version 2.6, the CP2K developers group (2014).
 CP2K is freely available from http://www.cp2k.org/ .

 Borstnik, U; VandeVondele, J; Weber, V; Hutter, J.
 PARALLEL COMPUTING, 40 (5-6), 47-58 (2014).
 Sparse matrix multiplication: The distributed block-compressed sparse
 row library.
 http://dx.doi.org/10.1016/j.parco.2014.03.012


 Hutter, J; Iannuzzi, M; Schiffmann, F; VandeVondele, J.
 WILEY INTERDISCIPLINARY REVIEWS-COMPUTATIONAL MOLECULAR SCIENCE, 4 (1), 15-25 (2014).
 CP2K: atomistic simulations of condensed matter systems.
 http://dx.doi.org/10.1002/wcms.1159


 Frigo, M; Johnson, SG.
 PROCEEDINGS OF THE IEEE, 93 (2), 216-231 (2005).
 The design and implementation of FFTW3.
 http://dx.doi.org/10.1109/JPROC.2004.840301


 BECKE, AD. PHYSICAL REVIEW A, 38 (6), 3098-3100 (1988).
 DENSITY-FUNCTIONAL EXCHANGE-ENERGY APPROXIMATION WITH CORRECT
 ASYMPTOTIC-BEHAVIOR.
 http://dx.doi.org/10.1103/PhysRevA.38.3098


 LEE, CT; YANG, WT; PARR, RG.
 PHYSICAL REVIEW B, 37 (2), 785-789 (1988).
 DEVELOPMENT OF THE COLLE-SALVETTI CORRELATION-ENERGY FORMULA INTO A
 FUNCTIONAL OF THE ELECTRON-DENSITY.
 http://dx.doi.org/10.1103/PhysRevB.37.785


 -------------------------------------------------------------------------------
 -                                                                             -
 -                                T I M I N G                                  -
 -                                                                             -
 -------------------------------------------------------------------------------
 SUBROUTINE                       CALLS  ASD         SELF TIME        TOTAL TIME
                                MAXIMUM       AVERAGE  MAXIMUM  AVERAGE  MAXIMUM
 CP2K                                 1  1.0    0.002    0.002    0.119    0.119
 atom_code                            1  2.0    0.000    0.000    0.116    0.116
 atom_energy_opt                      1  3.0    0.004    0.004    0.116    0.116
 calculate_atom                       1  4.0    0.000    0.000    0.105    0.105
 calculate_atom_restricted            1  5.0    0.033    0.033    0.105    0.105
 calculate_atom_vxc_lda               7  6.0    0.061    0.061    0.071    0.071
 xc_functional_eval                  14  7.0    0.000    0.000    0.011    0.011
 atom_int_setup                       1  4.0    0.008    0.008    0.008    0.008
 xb88_lda_eval                        7  8.0    0.007    0.007    0.007    0.007
 lyp_lda_eval                         7  8.0    0.004    0.004    0.004    0.004
 -------------------------------------------------------------------------------

  **** **** ******  **  PROGRAM ENDED AT                 2016-05-11 12:03:18.196
 ***** ** ***  *** **   PROGRAM RAN ON                                  molmod55
 **    ****   ******    PROGRAM RAN BY                                      toon
 ***** **    ** ** **   PROGRAM PROCESS ID                                  8022
  **** **  *******  **  PROGRAM STOPPED IN /home/toon/univ/collaboration/mathieu
                                           _salanne/ean/wannier_hirshfeld_test/p
                                           be_molopt_sv_sr/atoms/testing
