
  **** **** ******  **  PROGRAM STARTED AT               2016-05-11 12:03:17.992
 ***** ** ***  *** **   PROGRAM STARTED ON                              molmod55
 **    ****   ******    PROGRAM STARTED BY                                  toon
 ***** **    ** ** **   PROGRAM PROCESS ID                                  8018
  **** **  *******  **  PROGRAM STARTED IN /home/toon/univ/collaboration/mathieu
                                           _salanne/ean/wannier_hirshfeld_test/p
                                           be_molopt_sv_sr/atoms/testing

 CP2K| version string:                                          CP2K version 2.6
 CP2K| source code revision number:                                    svn:15177
 CP2K| is freely available from                             http://www.cp2k.org/
 CP2K| Program compiled at                          Sun Aug 16 19:48:04 UTC 2015
 CP2K| Program compiled on                     buildvm-23.phx2.fedoraproject.org
 CP2K| Program compiled for                                Linux-x86-64-gfortran
 CP2K| Input file name                               carbon_sc_ae_contracted.inp

 GLOBAL| Method name                                                        ATOM
 GLOBAL| Project name                                                          C
 GLOBAL| Preferred FFT library                                             FFTW3
 GLOBAL| Preferred diagonalization lib.                                       SL
 GLOBAL| Run type                                                   ENERGY_FORCE
 GLOBAL| All-to-all communication in single precision                          F
 GLOBAL| FFTs using library dependent lengths                                  F
 GLOBAL| Global print level                                               MEDIUM
 GLOBAL| Total number of message passing processes                             1
 GLOBAL| Number of threads for this process                                    4
 GLOBAL| This output is from process                                           0

 MEMORY| system memory details [Kb]
 MEMORY|                        rank 0           min           max       average
 MEMORY| MemTotal              7868376       7868376       7868376       7868376
 MEMORY| MemFree               4054444       4054444       4054444       4054444
 MEMORY| Buffers                168152        168152        168152        168152
 MEMORY| Cached                1630912       1630912       1630912       1630912
 MEMORY| Slab                   172204        172204        172204        172204
 MEMORY| SReclaimable           109228        109228        109228        109228
 MEMORY| MemLikelyFree         5962736       5962736       5962736       5962736


 *** Fundamental physical constants (SI units) ***

 *** Literature: B. J. Mohr and B. N. Taylor,
 ***             CODATA recommended values of the fundamental physical
 ***             constants: 2006, Web Version 5.1
 ***             http://physics.nist.gov/constants

 Speed of light in vacuum [m/s]                             2.99792458000000E+08
 Magnetic constant or permeability of vacuum [N/A**2]       1.25663706143592E-06
 Electric constant or permittivity of vacuum [F/m]          8.85418781762039E-12
 Planck constant (h) [J*s]                                  6.62606896000000E-34
 Planck constant (h-bar) [J*s]                              1.05457162825177E-34
 Elementary charge [C]                                      1.60217648700000E-19
 Electron mass [kg]                                         9.10938215000000E-31
 Electron g factor [ ]                                     -2.00231930436220E+00
 Proton mass [kg]                                           1.67262163700000E-27
 Fine-structure constant                                    7.29735253760000E-03
 Rydberg constant [1/m]                                     1.09737315685270E+07
 Avogadro constant [1/mol]                                  6.02214179000000E+23
 Boltzmann constant [J/K]                                   1.38065040000000E-23
 Atomic mass unit [kg]                                      1.66053878200000E-27
 Bohr radius [m]                                            5.29177208590000E-11

 *** Conversion factors ***

 [u] -> [a.u.]                                              1.82288848426455E+03
 [Angstrom] -> [Bohr] = [a.u.]                              1.88972613288564E+00
 [a.u.] = [Bohr] -> [Angstrom]                              5.29177208590000E-01
 [a.u.] -> [s]                                              2.41888432650478E-17
 [a.u.] -> [fs]                                             2.41888432650478E-02
 [a.u.] -> [J]                                              4.35974393937059E-18
 [a.u.] -> [N]                                              8.23872205491840E-08
 [a.u.] -> [K]                                              3.15774647902944E+05
 [a.u.] -> [kJ/mol]                                         2.62549961709828E+03
 [a.u.] -> [kcal/mol]                                       6.27509468713739E+02
 [a.u.] -> [Pa]                                             2.94210107994716E+13
 [a.u.] -> [bar]                                            2.94210107994716E+08
 [a.u.] -> [atm]                                            2.90362800883016E+08
 [a.u.] -> [eV]                                             2.72113838565563E+01
 [a.u.] -> [Hz]                                             6.57968392072181E+15
 [a.u.] -> [1/cm] (wave numbers)                            2.19474631370540E+05
 [a.u./Bohr**2] -> [1/cm]                                   5.14048714338585E+03

 DBCSR| Multiplication driver                                                SMM
 DBCSR| Multrec recursion limit                                              512
 DBCSR| Multiplication stack size                                           1000
 DBCSR| Multiplication size stacks                                             3



                           ****  ******  ****   ****
                          **  ** ****** **  ** ******
                          ******   **   **  ** **  **
                          **  **   **    ****  **  **

                             University of Zurich
                                 2009 - 2014

                                 Version 0.0



 Atomic Energy Calculation             Carbon [C]            Atomic number:    6


 All Electron Basis

 ********************** Contracted Gaussian Type Orbitals **********************
 s Functions
    4266.180061      -1.592875  0.361207  0.000000  0.000000
     642.760286      -2.942048  0.677897  0.000000  0.000000
     146.788427      -4.856998  1.117759  0.000000  0.000000
      41.274379      -6.769523  1.682642  0.000000  0.000000
      12.890529      -6.892896  1.931184  0.000000  0.000000
       4.257843      -3.374809  1.497893  0.000000  0.000000
       1.330757      -0.292037 -0.096251  0.000000  0.000000
       0.410808       0.010868 -0.881986  1.296415  0.000000
       0.120311      -0.001115 -0.210366  0.000000  0.516111
 p Functions
    4266.180061       0.000000  0.000000  0.000000
     642.760286       0.000000  0.000000  0.000000
     146.788427       0.000000  0.000000  0.000000
      41.274379       0.000000  0.000000  0.000000
      12.890529      -1.476923  0.000000  0.000000
       4.257843      -1.311710  0.000000  0.000000
       1.330757      -1.133243  0.000000  0.000000
       0.410808      -0.455976  0.959473  0.000000
       0.120311      -0.084817  0.000000  0.206711
 d Functions
       0.600000       1.067319
 *******************************************************************************

 Pseudopotential Basis

 ********************* Uncontracted Gaussian Type Orbitals *********************

 s Exponents:                    1                                    0.00729900
                                 2                                    0.01370500
                                 3                                    0.02573300
                                 4                                    0.04831600
                                 5                                    0.09071800
                                 6                                    0.17033300
                                 7                                    0.31981900
                                 8                                    0.60049600
                                 9                                    1.12749700
                                10                                    2.11700000
                                11                                    3.97490200
                                12                                    7.46331700
                                13                                   14.01320400
                                14                                   26.31133900
                                15                                   49.40244900
                                16                                   92.75856100

 p Exponents:                    1                                    0.00729900
                                 2                                    0.01370500
                                 3                                    0.02573300
                                 4                                    0.04831600
                                 5                                    0.09071800
                                 6                                    0.17033300
                                 7                                    0.31981900
                                 8                                    0.60049600
                                 9                                    1.12749700
                                10                                    2.11700000
                                11                                    3.97490200
                                12                                    7.46331700
                                13                                   14.01320400
                                14                                   26.31133900
                                15                                   49.40244900
                                16                                   92.75856100

 d Exponents:                    1                                    0.00729900
                                 2                                    0.01370500
                                 3                                    0.02573300
                                 4                                    0.04831600
                                 5                                    0.09071800
                                 6                                    0.17033300
                                 7                                    0.31981900
                                 8                                    0.60049600
                                 9                                    1.12749700
                                10                                    2.11700000
                                11                                    3.97490200
                                12                                    7.46331700
                                13                                   14.01320400
                                14                                   26.31133900
                                15                                   49.40244900
                                16                                   92.75856100

 f Exponents:                    1                                    0.00729900
                                 2                                    0.01370500
                                 3                                    0.02573300
                                 4                                    0.04831600
                                 5                                    0.09071800
                                 6                                    0.17033300
                                 7                                    0.31981900
                                 8                                    0.60049600
                                 9                                    1.12749700
                                10                                    2.11700000
                                11                                    3.97490200
                                12                                    7.46331700
                                13                                   14.01320400
                                14                                   26.31133900
                                15                                   49.40244900
                                16                                   92.75856100
 *******************************************************************************

 METHOD    | Restricted Kohn-Sham Calculation
 METHOD    | Nonrelativistic Calculation
 FUNCTIONAL| ROUTINE=NEW
 FUNCTIONAL| BECKE88:
 FUNCTIONAL| A. Becke, Phys. Rev. A 38, 3098 (1988) {LDA version}
 FUNCTIONAL| LYP:
 FUNCTIONAL| C. Lee, W. Yang, R.G. Parr, Phys. Rev. B, 37, 785 (1988) {LDA versi
 FUNCTIONAL| on}

 **************************** All Electron Potential ***************************
 *******************************************************************************

 Electronic structure
    Total number of core electrons                                          0.00
    Total number of valence electrons                                       6.00
    Total number of electrons                                               6.00
    Multiplicity                                                   not specified
    S      2.00  2.00
    P      2.00


 *******************************************************************************
                  Iteration          Convergence                     Energy [au]
 *******************************************************************************
                          1        0.476859                     -37.633384717767
                          2        0.316200                     -37.680701480763
                          3        0.263393E-01                 -37.793146630938
                          4        0.176244E-03                 -37.793939607514
                          5        0.223195E-04                 -37.793939631314
                          6        0.191822E-06                 -37.793939631890

 Energy components [Hartree]           Total Energy ::          -37.793939631890
                                        Band Energy ::          -21.501903996734
                                     Kinetic Energy ::           37.502304304231
                                   Potential Energy ::          -75.296243936121
                                      Virial (-V/T) ::            2.007776464222
                                        Core Energy ::          -50.375138546714
                                          XC Energy ::           -5.122840736065
                                     Coulomb Energy ::           17.704039650889

 Orbital energies  State     L     Occupation   Energy[a.u.]          Energy[eV]

                       1     0          2.000     -10.067251         -273.943821
                       2     0          2.000      -0.495823          -13.492030

                       1     1          2.000      -0.187878           -5.112431


 Atomic orbital expansion coefficients []

    ORBITAL      L = 0      State =   1
       -1.044068146234729E+00
       -1.338724303902928E-01
       -1.013265464088674E-01
       -5.047374305144192E-02

    ORBITAL      L = 0      State =   2
       -9.581464263125186E-03
        9.687540496080598E-01
       -3.529778445401671E-02
        8.068235893510245E-04

    ORBITAL      L = 1      State =   1
        1.004847318671031E+00
        4.244381486666005E-03
        1.109014811246090E-03


                             NORMAL TERMINATION OF

                           ****  ******  ****   ****
                          **  ** ****** **  ** ******
                          ******   **   **  ** **  **
                          **  **   **    ****  **  **


 -------------------------------------------------------------------------------
 -                                                                             -
 -                                DBCSR STATISTICS                             -
 -                                                                             -
 -------------------------------------------------------------------------------
 COUNTER                                      CPU                  ACC      ACC%
 number of processed stacks                     0                    0       0.0
 matmuls inhomo. stacks                         0                    0       0.0
 matmuls total                                  0                    0       0.0
 flops total                                    0                    0       0.0
 marketing flops                                0
 -------------------------------------------------------------------------------

 -------------------------------------------------------------------------------
 -                                                                             -
 -                           R E F E R E N C E S                               -
 -                                                                             -
 -------------------------------------------------------------------------------

 CP2K version 2.6, the CP2K developers group (2014).
 CP2K is freely available from http://www.cp2k.org/ .

 Borstnik, U; VandeVondele, J; Weber, V; Hutter, J.
 PARALLEL COMPUTING, 40 (5-6), 47-58 (2014).
 Sparse matrix multiplication: The distributed block-compressed sparse
 row library.
 http://dx.doi.org/10.1016/j.parco.2014.03.012


 Hutter, J; Iannuzzi, M; Schiffmann, F; VandeVondele, J.
 WILEY INTERDISCIPLINARY REVIEWS-COMPUTATIONAL MOLECULAR SCIENCE, 4 (1), 15-25 (2014).
 CP2K: atomistic simulations of condensed matter systems.
 http://dx.doi.org/10.1002/wcms.1159


 Frigo, M; Johnson, SG.
 PROCEEDINGS OF THE IEEE, 93 (2), 216-231 (2005).
 The design and implementation of FFTW3.
 http://dx.doi.org/10.1109/JPROC.2004.840301


 BECKE, AD. PHYSICAL REVIEW A, 38 (6), 3098-3100 (1988).
 DENSITY-FUNCTIONAL EXCHANGE-ENERGY APPROXIMATION WITH CORRECT
 ASYMPTOTIC-BEHAVIOR.
 http://dx.doi.org/10.1103/PhysRevA.38.3098


 LEE, CT; YANG, WT; PARR, RG.
 PHYSICAL REVIEW B, 37 (2), 785-789 (1988).
 DEVELOPMENT OF THE COLLE-SALVETTI CORRELATION-ENERGY FORMULA INTO A
 FUNCTIONAL OF THE ELECTRON-DENSITY.
 http://dx.doi.org/10.1103/PhysRevB.37.785


 -------------------------------------------------------------------------------
 -                                                                             -
 -                                T I M I N G                                  -
 -                                                                             -
 -------------------------------------------------------------------------------
 SUBROUTINE                       CALLS  ASD         SELF TIME        TOTAL TIME
                                MAXIMUM       AVERAGE  MAXIMUM  AVERAGE  MAXIMUM
 CP2K                                 1  1.0    0.002    0.002    0.013    0.013
 atom_code                            1  2.0    0.000    0.000    0.010    0.010
 atom_energy_opt                      1  3.0    0.005    0.005    0.010    0.010
 parser_read_line                  1450  4.0    0.000    0.000    0.003    0.003
 parser_read_line_low                 2  5.0    0.003    0.003    0.003    0.003
 calculate_atom                       1  4.0    0.000    0.000    0.002    0.002
 calculate_atom_restricted            1  5.0    0.001    0.001    0.002    0.002
 calculate_atom_vxc_lda               6  6.0    0.001    0.001    0.001    0.001
 fft3d_s                              1  2.0    0.000    0.000    0.000    0.000
 get_fft_scratch                      1  3.0    0.000    0.000    0.000    0.000
 xc_functional_eval                  12  7.0    0.000    0.000    0.000    0.000
 -------------------------------------------------------------------------------

  **** **** ******  **  PROGRAM ENDED AT                 2016-05-11 12:03:18.040
 ***** ** ***  *** **   PROGRAM RAN ON                                  molmod55
 **    ****   ******    PROGRAM RAN BY                                      toon
 ***** **    ** ** **   PROGRAM PROCESS ID                                  8018
  **** **  *******  **  PROGRAM STOPPED IN /home/toon/univ/collaboration/mathieu
                                           _salanne/ean/wannier_hirshfeld_test/p
                                           be_molopt_sv_sr/atoms/testing
